environment/data/panel.csv
product_id,segment,week,price,units,competitor_price,promo,holiday,traffic
100,apparel,0,16.6151,63,15.2671,0,1,301.75
100,apparel,1,14.3973,196,15.1139,0,0,1135.722
100,apparel,2,20.2615,19,16.6653,0,0,235.004
100,apparel,3,20.3547,21,16.6856,0,0,236.454
100,apparel,4,17.9414,30,15.3197,0,0,231.359
100,apparel,5,12.4119,177,16.383,1,0,355.445
100,apparel,6,16.2794,34,17.5121,0,0,226.125
100,apparel,7,17.7754,34,16.812,0,0,209.097
100,apparel,8,17.7232,41,18.6619,0,0,259.694
100,apparel,9,17.7513,16,15.6936,0,0,221.205
100,apparel,10,12.6871,98,14.1422,1,0,197.454
100,apparel,11,16.0371,49,19.3292,0,0,232.817
100,apparel,12,16.1336,41,14.7545,0,0,223.513
100,apparel,13,17.0763,42,15.7262,0,1,296.752
100,apparel,14,14.9591,58,17.445,0,0,279.468
100,apparel,15,36.8938,7,14.6891,0,0,236.394
100,apparel,16,17.5691,19,16.1001,0,0,178.078
100,apparel,17,19.5307,21,18.2776,0,0,227.911
100,apparel,18,17.3682,24,16.3569,0,0,211.881
100,apparel,19,21.2494,6,18.7644,0,0,241.757
100,apparel,20,17.5855,42,19.2083,0,0,251.947
100,apparel,21,16.3906,126,15.8706,0,0,1000.19
100,apparel,22,17.6477,34,14.749,0,0,266.419
100,apparel,23,12.7392,120,19.0215,1,0,227.276
100,apparel,24,17.6382,22,17.4751,0,0,191.28
100,apparel,25,15.7969,47,15.9032,0,0,276.237
100,apparel,26,15.0577,87,17.055,0,1,305.777
100,apparel,27,15.38,32,19.6086,0,0,231.64
100,apparel,28,19.3138,14,17.9361,0,0,200.397
100,apparel,29,18.6428,24,17.0846,0,0,188.525
100,apparel,30,17.3632,20,12.9884,0,0,196.112
100,apparel,31,15.9037,24,14.736,0,0,191.84
100,apparel,32,16.3957,40,15.8722,0,0,255.951
100,apparel,33,16.2538,37,16.5167,0,0,225.985
100,apparel,34,16.8555,20,14.5566,0,0,228.166
100,apparel,35,16.3733,30,14.5422,0,0,216.817
100,apparel,36,17.0,35,18.9383,0,0,256.297
100,apparel,37,16.9022,26,16.7287,0,0,194.525
100,apparel,38,12.1134,392,17.4199,1,0,931.234
100,apparel,39,17.4423,43,18.8555,0,1,307.44
100,apparel,40,38.3249,4,12.9754,0,0,231.093
100,apparel,41,14.5343,25,15.5043,0,0,168.072
100,apparel,42,15.9462,30,15.7878,0,0,231.804
100,apparel,43,15.3308,22,14.4681,0,0,191.979
100,apparel,44,14.7813,35,17.4149,0,0,281.121
100,apparel,45,19.1174,14,18.9211,0,0,218.729
100,apparel,46,13.3515,54,20.4639,0,0,208.359
100,apparel,47,15.7597,25,15.6536,0,0,231.468
100,apparel,48,17.163,21,17.6327,0,0,233.989
100,apparel,49,19.7826,14,16.4527,0,0,206.889
100,apparel,50,13.7656,42,18.1363,0,0,248.358
100,apparel,51,15.5845,28,14.8115,0,0,168.002
100,apparel,52,15.517,61,15.7771,0,1,337.71
100,apparel,53,16.0329,21,20.3073,0,0,208.345
100,apparel,54,15.8282,27,17.1163,0,0,240.57
100,apparel,55,14.206,50,20.8956,0,0,221.871
100,apparel,56,17.1085,20,18.7985,0,0,173.633
100,apparel,57,14.7132,25,16.7355,0,0,193.682
100,apparel,58,13.3851,42,16.8632,0,0,211.737
100,apparel,59,16.7389,35,15.3476,0,0,225.637
101,apparel,0,8.1656,1018,8.3471,1,1,1073.792
101,apparel,1,9.8555,272,10.007,0,0,924.828
101,apparel,2,9.6102,210,11.1289,0,0,610.09
101,apparel,3,9.8472,244,9.6768,0,0,916.824
101,apparel,4,9.349,326,10.3259,0,0,889.176
101,apparel,5,9.5648,229,8.2568,0,0,767.305
101,apparel,6,9.9883,171,9.1525,0,0,735.301
101,apparel,7,9.4481,227,9.1459,0,0,853.778
101,apparel,8,8.638,309,11.2296,0,0,812.209
101,apparel,9,9.883,221,9.1022,0,0,903.158
101,apparel,10,10.3878,177,7.1297,0,0,947.802
101,apparel,11,9.0123,319,8.8736,0,0,1141.34
101,apparel,12,8.5464,384,9.5374,0,0,1045.094
101,apparel,13,12.1652,226,10.7232,0,1,1129.724
101,apparel,14,10.6425,148,10.5566,0,0,695.79
101,apparel,15,8.7708,357,11.0558,0,0,900.706
101,apparel,16,10.8158,191,8.6229,0,0,992.788
101,apparel,17,11.7449,125,10.8277,0,0,728.682
101,apparel,18,12.4367,145,10.1079,0,0,972.474
101,apparel,19,8.8621,291,8.3202,0,0,985.711
101,apparel,20,9.4932,220,8.9562,0,0,844.708
101,apparel,21,6.6228,784,8.9666,1,0,719.39
101,apparel,22,8.4443,270,11.1079,0,0,621.429
101,apparel,23,11.0555,104,8.6825,0,0,555.293
101,apparel,24,6.4421,1196,11.2343,1,0,949.707
101,apparel,25,8.816,267,10.14,0,0,883.347
101,apparel,26,9.2532,425,11.0765,0,1,1119.097
101,apparel,27,9.2872,231,10.5463,0,0,771.986
101,apparel,28,10.2406,197,11.1823,0,0,767.132
101,apparel,29,11.341,137,7.7144,0,0,1052.233
101,apparel,30,10.4051,171,11.2392,0,0,772.452
101,apparel,31,8.1935,329,10.5236,0,0,826.196
101,apparel,32,10.7073,109,9.0351,0,0,866.244
101,apparel,33,10.0694,168,9.3634,0,0,841.492
101,apparel,34,11.1189,125,9.9278,0,0,764.267
101,apparel,35,8.9403,162,8.7367,0,0,651.388
101,apparel,36,11.0762,161,9.2853,0,0,1020.653
101,apparel,37,9.1191,222,10.6137,0,0,790.85
101,apparel,38,11.199,157,9.5087,0,0,877.139
101,apparel,39,8.9565,465,12.2961,0,1,1185.01
101,apparel,40,9.7245,254,10.8985,0,0,1101.43
101,apparel,41,10.7249,115,10.2045,0,0,652.955
101,apparel,42,10.0529,126,9.314,0,0,689.01
101,apparel,43,9.3827,153,8.7792,0,0,638.228
101,apparel,44,9.0895,239,9.0906,0,0,1045.776
101,apparel,45,10.0642,167,8.2927,0,0,959.613
101,apparel,46,9.923,183,9.0961,0,0,981.378
101,apparel,47,9.096,241,11.0707,0,0,860.98
101,apparel,48,11.41,87,9.5806,0,0,579.341
101,apparel,49,8.8005,948,8.6816,0,0,4289.464
101,apparel,50,11.6121,91,9.7529,0,0,678.189
101,apparel,51,29.7638,9,10.4732,0,0,735.563
101,apparel,52,10.9516,208,10.0658,0,1,1057.621
101,apparel,53,8.9352,641,9.319,0,0,2956.563
101,apparel,54,7.2519,583,9.4993,1,0,836.746
101,apparel,55,9.7729,116,8.0961,0,0,661.427
101,apparel,56,11.2357,92,9.8414,0,0,716.368
101,apparel,57,9.8691,147,10.6403,0,0,862.783
101,apparel,58,10.3615,139,9.6079,0,0,785.682
101,apparel,59,6.5921,994,12.2401,1,0,961.979
102,apparel,0,17.8775,1256,23.6084,1,1,474.786
102,apparel,1,20.0016,425,19.3408,0,0,512.274
102,apparel,2,22.4196,225,18.384,0,0,418.806
102,apparel,3,19.981,657,23.2468,1,0,458.516
102,apparel,4,28.1498,192,22.9138,0,0,580.738
102,apparel,5,23.3372,350,26.8281,0,0,577.135
102,apparel,6,19.57,433,23.698,0,0,474.603
102,apparel,7,15.0206,1367,19.621,1,0,527.688
102,apparel,8,89.1567,8,22.9261,0,0,508.312
102,apparel,9,21.8688,261,25.042,0,0,431.189
102,apparel,10,20.9242,1327,24.5923,0,0,1914.752
102,apparel,11,24.3539,155,17.4353,0,0,373.073
102,apparel,12,17.5549,657,18.7094,1,0,381.245
102,apparel,13,22.8509,515,21.7784,0,1,732.211
102,apparel,14,18.2363,594,20.8939,1,0,369.655
102,apparel,15,27.6814,169,24.2645,0,0,421.763
102,apparel,16,20.6383,298,23.0835,0,0,428.922
102,apparel,17,21.3964,290,23.1977,0,0,435.735
102,apparel,18,17.8034,370,16.8362,0,0,402.817
102,apparel,19,17.6203,882,22.8325,1,0,469.187
102,apparel,20,16.0975,1158,20.5426,1,0,543.816
102,apparel,21,17.8852,494,23.9526,0,0,510.97
102,apparel,22,19.3021,384,19.054,0,0,524.168
102,apparel,23,21.0455,250,19.9912,0,0,378.643
102,apparel,24,15.2899,1110,19.0675,1,0,486.775
102,apparel,25,23.7035,233,21.6958,0,0,465.278
102,apparel,26,18.1791,799,20.2018,0,1,686.929
102,apparel,27,23.2752,176,22.8711,0,0,386.413
102,apparel,28,17.2424,851,21.2181,1,0,517.77
102,apparel,29,15.595,1241,24.7342,1,0,518.727
102,apparel,30,18.1533,673,21.1172,1,0,509.387
102,apparel,31,23.0767,226,19.2777,0,0,495.988
102,apparel,32,21.2753,315,25.6876,0,0,481.568
102,apparel,33,22.9126,245,20.1498,0,0,474.729
102,apparel,34,24.9686,223,25.122,0,0,556.402
102,apparel,35,23.1358,256,24.3867,0,0,544.61
102,apparel,36,19.3816,298,22.1771,0,0,400.694
102,apparel,37,13.3889,1101,18.0255,1,0,394.434
102,apparel,38,24.3751,176,20.4532,0,0,538.588
102,apparel,39,22.1344,356,24.0326,0,1,520.188
102,apparel,40,18.6,568,19.6237,1,0,454.391
102,apparel,41,17.8555,421,22.9873,0,0,476.972
102,apparel,42,22.076,196,23.4815,0,0,417.796
102,apparel,43,16.1483,777,19.5271,1,0,456.791
102,apparel,44,21.4374,250,22.6673,0,0,484.763
102,apparel,45,20.0739,313,27.6606,0,0,419.219
102,apparel,46,20.9065,333,22.4676,0,0,609.716
102,apparel,47,20.8694,224,19.5922,0,0,423.223
102,apparel,48,20.0119,253,20.6752,0,0,393.07
102,apparel,49,23.3235,156,21.557,0,0,381.34
102,apparel,50,20.4179,232,23.1765,0,0,370.082
102,apparel,51,53.1619,23,21.6797,0,0,517.943
102,apparel,52,21.6551,497,23.1865,0,1,752.006
102,apparel,53,25.013,114,18.1985,0,0,384.682
102,apparel,54,22.2183,257,20.73,0,0,580.506
102,apparel,55,19.9603,293,24.2504,0,0,430.558
102,apparel,56,25.1494,120,21.2075,0,0,327.123
102,apparel,57,22.5148,265,21.8969,0,0,589.856
102,apparel,58,14.979,822,22.3252,1,0,402.956
102,apparel,59,23.2189,242,24.1345,0,0,603.219
103,apparel,0,33.4357,95,39.026,0,1,1087.505
103,apparel,1,37.9504,29,46.8018,0,0,607.242
103,apparel,2,35.3443,33,32.3667,0,0,778.518
103,apparel,3,37.5331,27,34.1921,0,0,799.628
103,apparel,4,33.2811,33,33.5295,0,0,673.856
103,apparel,5,31.7502,35,33.7066,0,0,620.793
103,apparel,6,40.1234,23,34.7147,0,0,668.883
103,apparel,7,28.5656,102,35.4446,1,0,796.449
103,apparel,8,37.4526,16,38.8863,0,0,515.1
103,apparel,9,34.1865,26,35.6854,0,0,598.662
103,apparel,10,34.6003,26,39.2381,0,0,545.546
103,apparel,11,38.3058,25,34.2691,0,0,631.15
103,apparel,12,34.8341,41,38.5608,0,0,608.829
103,apparel,13,36.7642,64,42.651,0,1,991.538
103,apparel,14,31.0735,35,37.3742,0,0,659.978
103,apparel,15,30.5993,55,42.3161,0,0,733.253
103,apparel,16,30.5233,45,36.4501,0,0,721.881
103,apparel,17,37.0346,24,34.0365,0,0,704.481
103,apparel,18,32.8792,41,30.2078,0,0,541.918
103,apparel,19,31.7021,22,27.7706,0,0,449.298
103,apparel,20,31.2528,25,37.9472,0,0,535.462
103,apparel,21,37.1297,15,31.1155,0,0,552.205
103,apparel,22,31.2659,29,39.492,0,0,504.93
103,apparel,23,37.372,23,40.525,0,0,677.424
103,apparel,24,32.173,42,29.2764,0,0,698.273
103,apparel,25,40.058,16,34.4881,0,0,579.346
103,apparel,26,84.2341,1,46.7322,0,1,639.618
103,apparel,27,33.7681,19,40.0336,0,0,478.633
103,apparel,28,40.1716,22,40.4232,0,0,606.82
103,apparel,29,29.0421,32,40.317,0,0,498.493
103,apparel,30,40.9716,54,38.9705,0,0,2572.578
103,apparel,31,27.9303,34,36.7094,0,0,638.008
103,apparel,32,38.1538,23,30.7539,0,0,745.094
103,apparel,33,28.735,81,33.6438,1,0,833.87
103,apparel,34,37.9376,22,35.5453,0,0,542.905
103,apparel,35,33.2676,41,44.1462,0,0,674.524
103,apparel,36,34.7906,9,35.3654,0,0,356.489
103,apparel,37,42.4298,20,31.6546,0,0,753.65
103,apparel,38,39.6582,14,41.2398,0,0,660.084
103,apparel,39,35.7864,72,33.2112,1,1,1006.387
103,apparel,40,38.7375,19,34.3655,0,0,645.549
103,apparel,41,32.9723,24,36.4064,0,0,694.734
103,apparel,42,33.5145,31,42.9963,0,0,637.276
103,apparel,43,37.2176,22,36.943,0,0,628.466
103,apparel,44,31.4175,109,34.6221,0,0,2942.202
103,apparel,45,39.1131,7,40.344,0,0,453.725
103,apparel,46,36.9946,11,35.9626,0,0,433.999
103,apparel,47,33.584,28,26.7809,0,0,762.161
103,apparel,48,40.7917,10,44.1715,0,0,587.258
103,apparel,49,41.6783,17,40.964,0,0,604.599
103,apparel,50,33.555,23,39.9824,0,0,610.772
103,apparel,51,34.8316,27,31.7919,0,0,614.383
103,apparel,52,32.4314,49,32.6954,0,1,905.101
103,apparel,53,39.5638,22,40.7372,0,0,664.508
103,apparel,54,26.9159,49,37.5181,1,0,579.18
103,apparel,55,24.7006,77,34.524,1,0,583.193
103,apparel,56,35.7305,23,43.7852,0,0,566.351
103,apparel,57,41.6622,21,39.4654,0,0,718.304
103,apparel,58,32.742,12,37.5243,0,0,559.71
103,apparel,59,39.1001,15,38.2944,0,0,728.314
104,apparel,0,13.0126,961,14.0847,1,1,771.478
104,apparel,1,33.6807,70,17.7966,1,0,641.401
104,apparel,2,16.9721,196,21.2319,0,0,451.938
104,apparel,3,16.8298,133,16.6087,0,0,475.301
104,apparel,4,16.4096,153,14.8228,0,0,536.791
104,apparel,5,13.822,579,17.984,1,0,601.695
104,apparel,6,17.9816,386,14.7335,0,0,1862.775
104,apparel,7,16.9552,168,13.5886,0,0,601.29
104,apparel,8,18.0216,171,22.8361,0,0,531.904
104,apparel,9,18.558,124,14.4693,0,0,413.228
104,apparel,10,15.1551,207,18.7009,0,0,402.193
104,apparel,11,18.9848,135,18.9989,0,0,474.631
104,apparel,12,19.4829,113,20.1915,0,0,434.277
104,apparel,13,14.9565,494,13.7774,0,1,964.739
104,apparel,14,14.9045,354,19.5393,1,0,426.757
104,apparel,15,13.6942,526,14.8469,1,0,635.555
104,apparel,16,19.2937,116,15.3159,0,0,514.837
104,apparel,17,18.9049,134,19.0813,0,0,499.572
104,apparel,18,20.5711,78,15.9736,0,0,438.099
104,apparel,19,12.1471,623,18.1015,1,0,485.064
104,apparel,20,19.7964,106,19.4401,0,0,479.781
104,apparel,21,13.1321,355,19.3071,1,0,306.084
104,apparel,22,14.7389,155,17.32,0,0,367.993
104,apparel,23,24.1076,49,14.0867,0,0,425.074
104,apparel,24,18.4567,77,14.8498,0,0,432.49
104,apparel,25,17.5182,145,22.3297,0,0,445.525
104,apparel,26,13.3289,938,18.716,1,1,798.427
104,apparel,27,15.6568,182,19.4543,0,0,499.903
104,apparel,28,13.0406,362,17.4426,1,0,412.464
104,apparel,29,15.8768,152,16.0454,0,0,484.898
104,apparel,30,12.9149,502,18.393,1,0,455.925
104,apparel,31,12.701,454,15.2888,1,0,495.317
104,apparel,32,15.497,229,21.1532,0,0,595.546
104,apparel,33,17.0473,103,18.6994,0,0,334.483
104,apparel,34,11.0537,672,19.0333,1,0,471.075
104,apparel,35,12.6222,502,18.0298,1,0,467.251
104,apparel,36,14.935,164,16.2889,0,0,432.966
104,apparel,37,16.6984,106,14.6717,0,0,371.452
104,apparel,38,21.5119,56,16.3781,0,0,375.407
104,apparel,39,17.5368,173,18.1968,0,1,583.938
104,apparel,40,19.0722,76,17.3684,0,0,471.712
104,apparel,41,18.73,311,13.9695,0,0,1881.399
104,apparel,42,20.9862,90,16.1631,0,0,559.878
104,apparel,43,19.444,77,17.9498,0,0,459.127
104,apparel,44,16.6434,130,20.4306,0,0,478.33
104,apparel,45,15.2809,126,14.5149,0,0,369.506
104,apparel,46,19.1083,104,16.5363,0,0,434.275
104,apparel,47,18.7405,86,15.1998,0,0,461.459
104,apparel,48,18.8352,96,14.81,0,0,489.182
104,apparel,49,16.7423,81,13.2593,0,0,419.671
104,apparel,50,12.5468,436,17.2654,1,0,461.6
104,apparel,51,11.9006,632,19.2932,1,0,587.182
104,apparel,52,17.4844,143,12.1939,0,1,627.835
104,apparel,53,18.5196,81,14.1502,0,0,491.918
104,apparel,54,19.9439,77,12.7762,0,0,479.31
104,apparel,55,17.1128,106,18.0008,0,0,466.168
104,apparel,56,11.6283,553,18.508,1,0,455.656
104,apparel,57,15.99,235,17.3661,1,0,559.218
104,apparel,58,18.063,94,14.3022,0,0,524.731
104,apparel,59,16.1618,524,21.5995,0,0,1887.524
105,apparel,0,31.3762,293,29.3428,0,1,1522.904
105,apparel,1,39.5294,97,39.6059,0,0,861.698
105,apparel,2,31.8792,157,30.3113,0,0,1101.604
105,apparel,3,28.5128,324,33.8676,1,0,821.392
105,apparel,4,21.4387,751,39.3688,1,0,905.158
105,apparel,5,34.3484,86,29.4868,0,0,830.249
105,apparel,6,25.7995,262,30.3158,1,0,671.277
105,apparel,7,37.3795,80,29.3123,0,0,858.891
105,apparel,8,37.8922,92,37.0885,0,0,976.686
105,apparel,9,44.6693,192,34.1371,0,0,3769.562
105,apparel,10,22.4326,648,35.7187,1,0,1034.371
105,apparel,11,24.3357,362,27.3982,1,0,879.98
105,apparel,12,32.6286,106,28.3893,0,0,886.391
105,apparel,13,40.5255,132,38.6681,0,1,1237.916
105,apparel,14,36.7455,85,33.5607,0,0,933.124
105,apparel,15,32.8346,149,35.1835,0,0,1039.269
105,apparel,16,33.3846,87,28.103,0,0,890.443
105,apparel,17,34.5593,120,42.9574,0,0,954.091
105,apparel,18,35.9555,101,39.4623,0,0,891.3
105,apparel,19,26.4634,272,35.6661,1,0,692.025
105,apparel,20,36.424,87,42.5006,0,0,832.975
105,apparel,21,31.6611,238,31.5987,1,0,1031.966
105,apparel,22,37.1156,91,37.2294,0,0,970.686
105,apparel,23,36.3677,98,44.0747,0,0,1040.873
105,apparel,24,28.2327,261,34.5801,1,0,812.706
105,apparel,25,35.0443,110,36.5779,0,0,970.053
105,apparel,26,28.9263,269,28.2089,0,1,1307.555
105,apparel,27,38.6032,73,37.8461,0,0,780.037
105,apparel,28,26.2926,309,35.7383,1,0,840.557
105,apparel,29,39.0724,83,37.2901,0,0,860.712
105,apparel,30,39.3887,62,29.8442,0,0,812.2
105,apparel,31,84.335,6,30.336,0,0,885.474
105,apparel,32,33.2211,120,28.5039,0,0,1133.184
105,apparel,33,37.227,78,40.646,0,0,942.424
105,apparel,34,28.6248,131,32.975,0,0,821.156
105,apparel,35,34.4445,87,28.8557,0,0,817.765
105,apparel,36,35.4321,94,45.5715,0,0,933.437
105,apparel,37,33.1743,111,42.9775,0,0,880.241
105,apparel,38,36.9658,54,24.2564,0,0,918.408
105,apparel,39,33.1943,197,32.7453,0,1,1434.791
105,apparel,40,31.358,112,29.6599,0,0,1066.046
105,apparel,41,35.8759,97,39.7554,0,0,1003.731
105,apparel,42,36.8204,70,33.2039,0,0,698.779
105,apparel,43,38.0037,82,36.4934,0,0,966.539
105,apparel,44,39.9915,74,39.0492,0,0,877.939
105,apparel,45,35.95,93,35.6751,0,0,1018.665
105,apparel,46,35.6767,73,37.0094,0,0,864.931
105,apparel,47,30.3977,134,37.2021,0,0,840.789
105,apparel,48,23.8183,231,29.1909,1,0,628.77
105,apparel,49,36.5137,75,32.9092,0,0,819.348
105,apparel,50,25.4011,162,34.0571,0,0,905.283
105,apparel,51,35.9125,75,32.2909,0,0,947.173
105,apparel,52,23.7883,795,31.0437,1,1,1600.156
105,apparel,53,34.6729,124,35.8669,0,0,1184.004
105,apparel,54,34.0005,90,40.0968,0,0,961.152
105,apparel,55,36.0184,456,36.9598,0,0,6061.625
105,apparel,56,39.8586,49,36.1826,0,0,807.894
105,apparel,57,30.2835,123,34.2841,0,0,913.346
105,apparel,58,26.2061,352,40.6016,1,0,1065.266
105,apparel,59,38.4916,78,39.0468,0,0,1067.809
