environment/data/panel.csv
product_id,segment,week,price,units,competitor_price,promo,holiday,traffic
200,electronics,0,26.0711,725,28.9905,0,1,666.558
200,electronics,1,29.0306,216,21.3337,0,0,400.676
200,electronics,2,23.4674,670,22.8646,1,0,389.762
200,electronics,3,29.1151,210,27.0612,0,0,349.216
200,electronics,4,26.1245,350,37.9064,0,0,333.177
200,electronics,5,26.0362,324,27.3077,0,0,401.166
200,electronics,6,32.1195,180,35.1477,0,0,390.987
200,electronics,7,26.4153,314,25.9156,0,0,433.706
200,electronics,8,25.6915,338,29.1727,0,0,410.798
200,electronics,9,28.3112,307,31.5458,0,0,461.96
200,electronics,10,16.7657,2039,30.2945,1,0,377.242
200,electronics,11,32.7134,220,25.0548,0,0,613.388
200,electronics,12,25.1203,408,32.658,0,0,423.435
200,electronics,13,27.7871,505,28.7754,0,1,584.925
200,electronics,14,28.3194,961,26.3255,0,0,1964.995
200,electronics,15,24.9488,325,28.4389,0,0,319.253
200,electronics,16,22.0392,644,24.6556,1,0,322.635
200,electronics,17,29.3467,228,28.1475,0,0,414.568
200,electronics,18,29.2709,175,29.0608,0,0,352.84
200,electronics,19,27.3749,235,30.9469,0,0,347.25
200,electronics,20,21.8882,712,25.9571,1,0,357.63
200,electronics,21,28.7159,161,21.8238,0,0,356.84
200,electronics,22,26.2644,361,37.5616,0,0,416.46
200,electronics,23,24.3892,332,27.9563,0,0,361.568
200,electronics,24,22.5402,1091,29.5847,1,0,563.039
200,electronics,25,20.6831,838,26.2682,1,0,341.729
200,electronics,26,34.8592,210,32.3548,0,1,548.26
200,electronics,27,66.0512,11,26.1936,0,0,435.204
200,electronics,28,32.0794,160,30.3067,0,0,435.372
200,electronics,29,26.599,253,27.2079,0,0,433.293
200,electronics,30,22.7733,428,28.5028,0,0,352.375
200,electronics,31,50.8085,68,30.1949,1,0,472.641
200,electronics,32,25.8094,308,30.9519,0,0,454.47
200,electronics,33,28.7828,188,22.9442,0,0,410.837
200,electronics,34,31.3719,147,26.5812,0,0,354.308
200,electronics,35,27.9536,261,30.9411,0,0,486.402
200,electronics,36,19.9347,1262,37.3323,1,0,426.526
200,electronics,37,32.963,84,23.9945,0,0,314.586
200,electronics,38,26.7532,239,31.1625,0,0,366.065
200,electronics,39,31.5423,201,26.17,0,1,420.765
200,electronics,40,19.1613,1112,29.9552,1,0,364.512
200,electronics,41,33.33,125,27.4351,0,0,431.475
200,electronics,42,31.1935,162,24.1273,0,0,435.184
200,electronics,43,27.1276,222,25.2792,0,0,371.015
200,electronics,44,26.7255,222,29.2113,0,0,381.694
200,electronics,45,30.4219,926,32.5125,0,0,2679.664
200,electronics,46,28.3311,187,25.1256,0,0,448.301
200,electronics,47,26.1029,272,24.7957,0,0,481.653
200,electronics,48,31.3224,141,26.9462,0,0,444.647
200,electronics,49,26.1288,237,28.0168,0,0,390.298
200,electronics,50,29.67,152,33.3208,0,0,356.462
200,electronics,51,25.5639,258,27.8996,0,0,392.292
200,electronics,52,29.0389,332,31.4443,0,1,560.258
200,electronics,53,27.408,162,26.7361,0,0,374.387
200,electronics,54,28.8697,143,25.8554,0,0,360.522
200,electronics,55,27.0662,213,33.4346,0,0,337.205
200,electronics,56,23.0157,342,23.3185,0,0,415.432
200,electronics,57,26.9766,208,23.8498,0,0,394.042
200,electronics,58,30.7611,96,27.623,0,0,310.973
200,electronics,59,27.0961,221,29.8733,0,0,424.816
201,electronics,0,36.9209,379,33.8963,0,1,1279.286
201,electronics,1,40.9926,152,34.023,0,0,849.61
201,electronics,2,25.8957,1040,36.3429,1,0,858.409
201,electronics,3,43.6945,116,41.2272,0,0,801.52
201,electronics,4,26.5178,1147,46.2226,1,0,858.37
201,electronics,5,37.3741,184,36.8502,0,0,796.08
201,electronics,6,37.4904,206,38.0379,0,0,938.415
201,electronics,7,33.4147,536,31.688,1,0,1053.239
201,electronics,8,38.9396,197,40.3452,0,0,878.243
201,electronics,9,33.8695,236,39.6331,0,0,649.463
201,electronics,10,29.8805,398,32.0143,0,0,950.18
201,electronics,11,30.5203,769,39.2942,1,0,1050.548
201,electronics,12,37.2068,193,35.1075,0,0,873.583
201,electronics,13,37.8967,382,41.277,0,1,1295.621
201,electronics,14,33.1863,339,33.6189,0,0,1126.126
201,electronics,15,36.9231,235,39.8415,0,0,1079.173
201,electronics,16,46.5949,73,34.5758,0,0,659.037
201,electronics,17,33.8981,340,46.4078,0,0,1045.95
201,electronics,18,28.7114,585,31.3501,1,0,764.359
201,electronics,19,27.7819,905,40.7073,1,0,876.057
201,electronics,20,24.0085,1041,34.6453,1,0,764.035
201,electronics,21,37.6976,173,29.1147,0,0,859.262
201,electronics,22,42.74,91,37.1856,0,0,702.562
201,electronics,23,36.0955,225,38.1317,0,0,944.147
201,electronics,24,34.5939,254,35.422,0,0,963.309
201,electronics,25,28.4395,692,39.7389,1,0,715.988
201,electronics,26,36.352,398,36.1285,0,1,1464.518
201,electronics,27,23.6423,1198,40.3842,1,0,784.807
201,electronics,28,35.011,197,31.9196,0,0,854.392
201,electronics,29,40.7257,120,43.7907,0,0,701.404
201,electronics,30,37.3914,168,39.8957,0,0,808.194
201,electronics,31,33.6861,201,35.7126,0,0,768.4
201,electronics,32,39.4,120,35.7333,0,0,920.195
201,electronics,33,33.7804,236,40.6417,0,0,756.028
201,electronics,34,25.4684,720,32.0244,1,0,703.511
201,electronics,35,41.6756,122,40.7642,0,0,1048.89
201,electronics,36,37.572,170,33.3465,0,0,947.636
201,electronics,37,41.7105,100,33.0875,0,0,788.402
201,electronics,38,38.8943,121,33.5756,0,0,764.784
201,electronics,39,38.2546,242,36.5273,0,1,1035.894
201,electronics,40,35.4271,173,35.8408,0,0,912.554
201,electronics,41,41.675,123,41.4013,0,0,818.371
201,electronics,42,42.8333,79,35.755,0,0,774.617
201,electronics,43,43.0315,120,41.4827,0,0,799.311
201,electronics,44,27.2307,904,38.0323,1,0,1081.707
201,electronics,45,43.8459,82,40.6338,0,0,774.408
201,electronics,46,34.6653,180,38.8015,0,0,630.504
201,electronics,47,32.4474,190,32.8019,0,0,715.275
201,electronics,48,44.035,74,31.0065,0,0,820.999
201,electronics,49,25.8893,915,41.2891,1,0,922.378
201,electronics,50,36.6269,254,45.2807,1,0,719.91
201,electronics,51,41.7719,90,37.1686,0,0,805.024
201,electronics,52,28.9531,1017,37.3243,1,1,1215.286
201,electronics,53,41.9106,106,31.0208,0,0,806.643
201,electronics,54,43.4461,114,42.4029,0,0,982.504
201,electronics,55,31.2265,227,39.2786,0,0,812.45
201,electronics,56,34.1628,231,40.4408,0,0,1125.77
201,electronics,57,31.1451,330,42.324,0,0,1027.378
201,electronics,58,37.3047,129,35.3513,0,0,866.329
201,electronics,59,32.9215,193,39.8937,0,0,743.286
202,electronics,0,11.6109,153,9.8486,0,1,1231.318
202,electronics,1,12.6617,84,12.7371,0,0,878.188
202,electronics,2,10.3533,126,9.4057,0,0,851.108
202,electronics,3,9.8048,150,12.4661,0,0,778.207
202,electronics,4,12.8343,88,12.6242,0,0,1035.868
202,electronics,5,8.5244,432,9.2175,1,0,941.457
202,electronics,6,10.9826,81,12.1305,0,0,684.786
202,electronics,7,9.1878,237,12.0756,0,0,1021.116
202,electronics,8,12.0348,101,12.7647,0,0,978.624
202,electronics,9,9.6515,169,10.9578,0,0,971.93
202,electronics,10,10.9545,126,10.8604,0,0,992.807
202,electronics,11,11.1923,110,13.2426,0,0,784.613
202,electronics,12,10.9134,91,10.1051,0,0,827.482
202,electronics,13,7.6356,792,11.4688,1,1,931.115
202,electronics,14,11.148,93,11.9527,0,0,703.086
202,electronics,15,10.2247,118,10.3794,0,0,773.755
202,electronics,16,9.8184,137,9.1753,0,0,806.083
202,electronics,17,10.1309,156,11.2614,0,0,1022.701
202,electronics,18,9.2661,147,10.6564,0,0,720.958
202,electronics,19,10.1237,104,11.1747,0,0,693.057
202,electronics,20,10.3603,132,12.6686,0,0,874.184
202,electronics,21,11.0896,80,12.0892,0,0,679.326
202,electronics,22,11.6954,73,11.0041,0,0,801.94
202,electronics,23,9.2887,163,11.7134,0,0,859.666
202,electronics,24,11.3257,85,11.3207,0,0,754.458
202,electronics,25,10.3382,98,10.4186,0,0,843.273
202,electronics,26,8.4383,366,13.0194,0,1,958.95
202,electronics,27,9.3775,271,11.5579,1,0,896.24
202,electronics,28,7.9605,412,9.7227,1,0,893.633
202,electronics,29,11.2149,100,13.1991,0,0,920.361
202,electronics,30,11.2586,95,10.6772,0,0,1017.949
202,electronics,31,11.7019,79,9.9018,0,0,929.678
202,electronics,32,10.3709,85,9.2782,0,0,619.214
202,electronics,33,11.5201,84,10.5131,0,0,930.197
202,electronics,34,8.4345,438,11.1071,1,0,1076.514
202,electronics,35,10.1419,103,11.4452,0,0,670.628
202,electronics,36,9.895,114,9.3566,0,0,799.466
202,electronics,37,6.8308,648,11.0075,1,0,862.801
202,electronics,38,9.4489,154,10.9208,0,0,1027.539
202,electronics,39,11.4818,139,10.8401,0,1,1142.177
202,electronics,40,7.6421,407,10.2846,1,0,862.311
202,electronics,41,11.3562,71,11.605,0,0,787.608
202,electronics,42,11.4897,76,10.9694,0,0,877.602
202,electronics,43,8.728,213,8.4437,0,0,1112.504
202,electronics,44,10.8056,83,10.0704,0,0,863.224
202,electronics,45,11.035,100,11.594,0,0,1069.315
202,electronics,46,11.0841,81,12.1519,0,0,840.163
202,electronics,47,11.9162,102,13.0406,0,0,1005.508
202,electronics,48,8.7003,280,11.9129,1,0,780.806
202,electronics,49,10.0457,107,9.6072,0,0,925.265
202,electronics,50,10.8216,91,10.1327,0,0,1039.379
202,electronics,51,10.6824,61,10.6937,0,0,749.957
202,electronics,52,9.2701,198,10.5692,0,1,1043.344
202,electronics,53,11.9537,58,11.0075,0,0,761.721
202,electronics,54,10.7793,96,10.6087,0,0,1115.774
202,electronics,55,13.8358,33,12.1044,0,0,749.992
202,electronics,56,12.9516,32,11.3777,0,0,648.936
202,electronics,57,8.9853,247,10.0151,1,0,855.69
202,electronics,58,12.1321,67,11.8285,0,0,880.394
202,electronics,59,10.3468,91,12.4747,0,0,704.663
203,electronics,0,16.359,526,21.9249,1,1,388.04
203,electronics,1,16.6169,277,23.3654,1,0,287.202
203,electronics,2,20.3137,117,26.9048,0,0,319.974
203,electronics,3,21.6534,230,21.8308,0,0,1128.943
203,electronics,4,21.4826,75,20.3464,0,0,311.044
203,electronics,5,22.2744,77,22.6047,0,0,252.634
203,electronics,6,20.5531,97,23.122,0,0,351.203
203,electronics,7,21.555,50,16.169,0,0,260.259
203,electronics,8,21.8753,61,23.4996,0,0,251.46
203,electronics,9,18.9631,98,21.6359,0,0,242.925
203,electronics,10,25.0612,37,20.9634,0,0,277.188
203,electronics,11,19.5967,114,19.0213,1,0,266.921
203,electronics,12,15.2414,342,23.6294,1,0,276.661
203,electronics,13,15.0129,533,21.7893,1,1,346.589
203,electronics,14,24.3935,43,22.9823,0,0,287.376
203,electronics,15,15.796,265,18.164,1,0,318.468
203,electronics,16,16.0315,251,20.4695,1,0,276.239
203,electronics,17,21.9003,62,21.2054,0,0,254.165
203,electronics,18,24.6111,37,19.8804,0,0,228.825
203,electronics,19,18.3919,92,18.8919,0,0,255.182
203,electronics,20,20.5508,71,25.1461,0,0,282.747
203,electronics,21,19.0542,94,17.6056,0,0,308.789
203,electronics,22,20.0958,83,17.8626,0,0,312.117
203,electronics,23,25.6318,40,22.8223,0,0,359.417
203,electronics,24,21.3242,45,19.7556,0,0,223.988
203,electronics,25,19.8201,66,22.9131,0,0,251.984
203,electronics,26,21.9868,100,24.4035,0,1,347.068
203,electronics,27,23.4336,51,26.9562,0,0,238.166
203,electronics,28,21.2963,75,22.5102,0,0,342.697
203,electronics,29,19.3861,73,21.7323,0,0,235.211
203,electronics,30,23.5961,45,21.4649,0,0,292.867
203,electronics,31,16.8517,240,19.5381,1,0,339.751
203,electronics,32,17.8242,99,21.966,0,0,251.731
203,electronics,33,21.2174,53,17.5629,0,0,287.828
203,electronics,34,21.9173,47,18.0986,0,0,213.176
203,electronics,35,24.8455,43,22.7892,0,0,352.782
203,electronics,36,18.6712,97,25.3626,0,0,318.198
203,electronics,37,16.8053,133,23.8752,0,0,302.085
203,electronics,38,16.9268,174,22.5214,1,0,258.846
203,electronics,39,23.6214,87,19.5051,0,1,516.612
203,electronics,40,17.2512,142,24.8626,0,0,347.882
203,electronics,41,24.5643,65,24.8949,0,0,305.179
203,electronics,42,23.7308,32,23.9644,0,0,221.61
203,electronics,43,67.8897,2,19.4164,0,0,376.825
203,electronics,44,23.6455,49,22.789,0,0,326.464
203,electronics,45,21.7772,31,20.9311,0,0,205.684
203,electronics,46,22.6012,64,26.1809,0,0,335.328
203,electronics,47,21.6607,51,24.4735,0,0,339.773
203,electronics,48,22.1035,52,24.3219,0,0,320.883
203,electronics,49,23.0883,57,23.956,0,0,362.145
203,electronics,50,22.5139,30,18.3285,0,0,308.134
203,electronics,51,22.1312,53,25.3647,0,0,289.332
203,electronics,52,23.2672,65,21.3534,0,1,443.827
203,electronics,53,20.5457,44,22.0995,0,0,256.319
203,electronics,54,16.5739,147,19.3943,1,0,279.427
203,electronics,55,20.1526,51,26.2539,0,0,206.917
203,electronics,56,17.5,106,25.1858,0,0,289.35
203,electronics,57,24.9691,46,21.9372,0,0,336.685
203,electronics,58,20.2455,56,20.0338,0,0,218.707
203,electronics,59,20.4737,62,23.3246,0,0,314.496
204,electronics,0,33.7804,510,40.8018,0,1,1307.772
204,electronics,1,34.3117,216,33.1162,0,0,932.876
204,electronics,2,34.448,213,36.2711,0,0,926.926
204,electronics,3,25.4023,1023,37.1286,1,0,881.441
204,electronics,4,24.2271,1069,34.8615,1,0,843.359
204,electronics,5,24.8061,1112,35.1386,1,0,951.226
204,electronics,6,38.01,149,33.6389,0,0,992.817
204,electronics,7,36.7271,226,36.4345,0,0,1146.342
204,electronics,8,36.3565,246,47.1344,0,0,1024.719
204,electronics,9,32.1121,346,33.1296,0,0,1060.644
204,electronics,10,30.8702,303,29.8764,0,0,1006.768
204,electronics,11,31.9653,330,43.9774,0,0,942.987
204,electronics,12,30.7636,426,50.9765,0,0,974.034
204,electronics,13,36.9587,331,32.5857,0,1,1210.265
204,electronics,14,36.7359,188,37.5667,0,0,984.054
204,electronics,15,25.1653,1038,30.4691,1,0,1097.651
204,electronics,16,29.4942,384,35.0711,0,0,1039.136
204,electronics,17,35.6631,231,37.3016,0,0,1130.905
204,electronics,18,32.5545,245,37.7685,0,0,964.767
204,electronics,19,37.7768,214,40.7985,0,0,1033.327
204,electronics,20,26.8532,489,38.7425,0,0,990.624
204,electronics,21,42.7271,143,38.5957,0,0,1051.892
204,electronics,22,101.2008,5,31.4518,0,0,965.221
204,electronics,23,39.6358,92,36.1591,0,0,754.029
204,electronics,24,35.9327,202,36.0765,0,0,1163.876
204,electronics,25,33.0033,213,32.9201,0,0,866.167
204,electronics,26,39.9165,299,36.6134,0,1,1700.486
204,electronics,27,27.8857,440,35.145,0,0,1073.232
204,electronics,28,29.5852,367,38.8299,0,0,1075.169
204,electronics,29,38.2224,118,28.7876,0,0,1000.818
204,electronics,30,30.9193,306,35.1842,0,0,928.085
204,electronics,31,35.877,151,34.9858,0,0,952.434
204,electronics,32,31.6878,382,35.7744,1,0,890.509
204,electronics,33,35.5197,146,33.7449,0,0,771.211
204,electronics,34,35.8612,147,39.2406,0,0,694.726
204,electronics,35,36.4312,169,38.892,0,0,965.138
204,electronics,36,35.0347,177,35.2335,0,0,1009.159
204,electronics,37,33.7613,244,37.8518,0,0,975.776
204,electronics,38,41.8405,133,38.634,0,0,1268.998
204,electronics,39,31.7424,606,35.3344,0,1,2016.226
204,electronics,40,34.9909,191,37.5875,0,0,988.439
204,electronics,41,34.017,182,33.8855,0,0,979.316
204,electronics,42,27.1393,367,40.2654,0,0,708.759
204,electronics,43,38.5981,136,36.9713,0,0,938.834
204,electronics,44,22.0856,1307,29.2464,1,0,1177.541
204,electronics,45,36.6411,133,28.0173,0,0,860.129
204,electronics,46,30.2855,279,31.3422,0,0,1136.684
204,electronics,47,29.2971,368,38.5692,0,0,1028.056
204,electronics,48,30.4348,333,37.4799,0,0,1137.369
204,electronics,49,32.2713,176,33.0326,0,0,802.255
204,electronics,50,35.0107,178,33.3887,0,0,1103.178
204,electronics,51,27.1913,603,35.5179,1,0,913.817
204,electronics,52,34.4958,424,41.3262,0,1,1622.705
204,electronics,53,30.2565,326,35.2888,0,0,1155.275
204,electronics,54,31.9059,151,34.0328,0,0,690.214
204,electronics,55,34.3642,195,35.931,0,0,916.161
204,electronics,56,41.1852,95,32.8354,0,0,1019.234
204,electronics,57,38.164,91,28.0541,0,0,862.404
204,electronics,58,34.4429,168,36.8083,0,0,963.918
204,electronics,59,36.045,174,35.2808,0,0,1166.04
