environment/data/panel.csv
product_id,segment,week,price,units,competitor_price,promo,holiday,traffic
305,home,0,28.765,263,31.2883,1,1,672.465
305,home,1,22.8237,188,46.2756,1,0,628.947
305,home,2,37.3304,180,46.2453,0,0,604.979
305,home,3,42.6221,203,39.2665,0,0,750.553
305,home,4,33.65,109,35.725,0,0,473.278
305,home,5,37.9034,128,39.8663,0,0,543.655
305,home,6,47.5751,142,36.8651,0,0,516.549
305,home,7,31.7405,150,31.6521,0,0,726.452
305,home,8,30.7481,116,36.9598,0,0,583.012
305,home,9,36.2564,122,35.9346,0,0,551.294
305,home,10,34.2846,117,35.3565,0,0,495.109
305,home,11,39.8136,109,32.965,0,0,439.428
305,home,12,39.6111,152,43.445,0,0,619.145
305,home,13,32.3581,205,41.0531,0,1,722.717
305,home,14,36.6196,92,30.368,0,0,528.776
305,home,15,40.6437,113,40.6848,0,0,435.595
305,home,16,36.3316,121,32.5086,0,0,529.875
305,home,17,34.7835,112,37.4677,0,0,442.445
305,home,18,33.5451,153,35.8445,0,0,771.503
305,home,19,37.0482,126,37.6337,0,0,550.787
305,home,20,23.8972,113,33.9157,1,0,439.555
305,home,21,34.9296,114,37.0381,0,0,567.335
305,home,22,34.4811,100,35.2774,0,0,471.152
305,home,23,35.7378,132,44.9105,0,0,631.777
305,home,24,38.7387,137,48.6006,0,0,523.201
305,home,25,40.9362,110,40.8279,0,0,450.734
305,home,26,37.2649,266,41.5097,0,1,899.28
305,home,27,24.9593,87,31.565,1,0,394.852
305,home,28,32.3147,89,34.7912,0,0,532.47
305,home,29,36.9364,113,26.1005,0,0,656.936
305,home,30,43.9728,111,29.0868,0,0,628.881
305,home,31,34.1135,93,42.1002,0,0,516.431
305,home,32,34.9501,111,31.2029,0,0,569.846
305,home,33,35.7719,84,35.3324,0,0,437.477
305,home,34,35.5313,116,42.4907,0,0,492.975
305,home,35,37.0762,142,35.1533,0,0,783.01
305,home,36,39.5417,130,42.5354,0,0,508.58
305,home,37,115.9915,304,39.8996,0,0,645.983
305,home,38,25.1814,123,44.4026,1,0,418.908
305,home,39,36.4644,208,45.0339,0,1,686.414
305,home,40,37.6535,148,37.9527,0,0,777.055
305,home,41,34.0085,90,32.1734,0,0,653.994
305,home,42,31.2538,108,37.3593,0,0,745.856
305,home,43,23.6839,116,40.7811,1,0,432.638
305,home,44,35.3931,88,40.1353,0,0,489.845
305,home,45,22.5908,131,33.8661,1,0,498.3
305,home,46,34.0451,87,31.4912,0,0,657.047
305,home,47,39.9263,107,39.8291,0,0,544.479
305,home,48,22.9629,120,37.8438,1,0,579.632
305,home,49,45.6521,125,40.4152,0,0,525.031
305,home,50,38.7581,127,34.6655,0,0,599.363
305,home,51,43.4002,124,47.4709,0,0,581.738
305,home,52,36.7454,209,45.5247,0,1,738.012
305,home,53,39.3715,84,31.7842,0,0,531.674
305,home,54,34.9258,83,34.44,0,0,541.574
305,home,55,27.0115,122,38.6453,1,0,500.526
305,home,56,49.0104,132,35.4874,0,0,680.149
305,home,57,34.0517,98,38.6516,0,0,541.173
305,home,58,34.7049,112,43.2756,0,0,660.534
305,home,59,29.0208,150,38.5392,1,0,588.493
